// Jest Snapshot v1, https://goo.gl/fbAQLP

exports[`Footer Component Matches the snapshot 1`] = `ShallowWrapper {}`;
