// Jest Snapshot v1, https://goo.gl/fbAQLP

exports[`Button Component Snapshot test 1`] = `ShallowWrapper {}`;
