// Jest Snapshot v1, https://goo.gl/fbAQLP

exports[`SearchPanel Component Matches the snapshot 1`] = `ShallowWrapper {}`;
