// Jest Snapshot v1, https://goo.gl/fbAQLP

exports[`SortBar Component Snapshot test 1`] = `ShallowWrapper {}`;
