// Jest Snapshot v1, https://goo.gl/fbAQLP

exports[`MovieDetails Component Matches the snapshot 1`] = `ShallowWrapper {}`;
