// Jest Snapshot v1, https://goo.gl/fbAQLP

exports[`DetailswPage snapshot Renders DetailsPage Component 1`] = `ShallowWrapper {}`;
