// Jest Snapshot v1, https://goo.gl/fbAQLP

exports[`Error Boundary Component Snapshot test 1`] = `ShallowWrapper {}`;
