// Jest Snapshot v1, https://goo.gl/fbAQLP

exports[`App Component Renders App Component Snapshot 1`] = `ShallowWrapper {}`;
