// Jest Snapshot v1, https://goo.gl/fbAQLP

exports[`HomePage snapshot Renders HomePage Component 1`] = `ShallowWrapper {}`;
