// Jest Snapshot v1, https://goo.gl/fbAQLP

exports[`MoviesGridItem Component Matches the snapshot 1`] = `ShallowWrapper {}`;
