// Jest Snapshot v1, https://goo.gl/fbAQLP

exports[`Renders PageLayout Component 1`] = `ShallowWrapper {}`;
