// Jest Snapshot v1, https://goo.gl/fbAQLP

exports[`Navigation Component Renders Navigation Component 1`] = `ShallowWrapper {}`;
